Archive member included to satisfy reference by file (symbol)

../programmer_bsp/\libhal_bsp.a(alt_getchar.o)
                              obj/default/src/driver/uart.o (alt_getchar)
../programmer_bsp/\libhal_bsp.a(alt_load.o)
                              ../programmer_bsp//obj/HAL/src/crt0.o (alt_load)
../programmer_bsp/\libhal_bsp.a(alt_main.o)
                              ../programmer_bsp//obj/HAL/src/crt0.o (alt_main)
../programmer_bsp/\libhal_bsp.a(alt_putstr.o)
                              obj/default/src/driver/uart.o (alt_putstr)
../programmer_bsp/\libhal_bsp.a(alt_sys_init.o)
                              ../programmer_bsp/\libhal_bsp.a(alt_main.o) (alt_irq_init)
../programmer_bsp/\libhal_bsp.a(altera_avalon_uart_read.o)
                              ../programmer_bsp/\libhal_bsp.a(alt_getchar.o) (altera_avalon_uart_read)
../programmer_bsp/\libhal_bsp.a(altera_avalon_uart_write.o)
                              ../programmer_bsp/\libhal_bsp.a(alt_putstr.o) (altera_avalon_uart_write)
../programmer_bsp/\libhal_bsp.a(alt_dcache_flush_all.o)
                              ../programmer_bsp/\libhal_bsp.a(alt_load.o) (alt_dcache_flush_all)
../programmer_bsp/\libhal_bsp.a(alt_dev.o)
                              ../programmer_bsp/\libhal_bsp.a(alt_getchar.o) (alt_fd_list)
../programmer_bsp/\libhal_bsp.a(alt_errno.o)
                              ../programmer_bsp/\libhal_bsp.a(altera_avalon_uart_read.o) (alt_errno)
../programmer_bsp/\libhal_bsp.a(alt_icache_flush_all.o)
                              ../programmer_bsp/\libhal_bsp.a(alt_load.o) (alt_icache_flush_all)
../programmer_bsp/\libhal_bsp.a(altera_nios2_gen2_irq.o)
                              ../programmer_bsp/\libhal_bsp.a(alt_sys_init.o) (altera_nios2_gen2_irq_init)
c:/intelfpga_lite/17.1/nios2eds/bin/gnu/h-x86_64-mingw32/bin/../lib/gcc/nios2-elf/5.3.0/../../../../../H-x86_64-mingw32/nios2-elf/lib/mno-hw-mul\libsmallc.a(lib_a-int_errno.o)
                              ../programmer_bsp/\libhal_bsp.a(altera_avalon_uart_read.o) (errno)
c:/intelfpga_lite/17.1/nios2eds/bin/gnu/h-x86_64-mingw32/bin/../lib/gcc/nios2-elf/5.3.0/../../../../../H-x86_64-mingw32/nios2-elf/lib/mno-hw-mul\libsmallc.a(lib_a-strlen.o)
                              ../programmer_bsp/\libhal_bsp.a(alt_putstr.o) (strlen)

Allocating common symbols
Common symbol       size              file

errno               0x4               c:/intelfpga_lite/17.1/nios2eds/bin/gnu/h-x86_64-mingw32/bin/../lib/gcc/nios2-elf/5.3.0/../../../../../H-x86_64-mingw32/nios2-elf/lib/mno-hw-mul\libsmallc.a(lib_a-int_errno.o)

Memory Configuration

Name             Origin             Length             Attributes
reset            0x0000000000002000 0x0000000000000020
onchip_memory2_0 0x0000000000002020 0x0000000000001fe0
*default*        0x0000000000000000 0xffffffffffffffff

Linker script and memory map

LOAD ../programmer_bsp//obj/HAL/src/crt0.o
LOAD obj/default/src/driver/memory.o
LOAD obj/default/src/driver/uart.o
LOAD obj/default/src/hello_world_small.o
LOAD obj/default/src/memory_data.o
LOAD obj/default/src/utility/hexchar_int.o
LOAD obj/default/src/utility/hexformat.o
LOAD c:/intelfpga_lite/17.1/nios2eds/bin/gnu/h-x86_64-mingw32/bin/../lib/gcc/nios2-elf/5.3.0/../../../../../H-x86_64-mingw32/nios2-elf/lib/mno-hw-mul\libstdc++.a
LOAD c:/intelfpga_lite/17.1/nios2eds/bin/gnu/h-x86_64-mingw32/bin/../lib/gcc/nios2-elf/5.3.0/../../../../../H-x86_64-mingw32/nios2-elf/lib/mno-hw-mul\libm.a
LOAD c:/intelfpga_lite/17.1/nios2eds/bin/gnu/h-x86_64-mingw32/bin/../lib/gcc/nios2-elf/5.3.0/mno-hw-mul\libgcc.a
START GROUP
LOAD c:/intelfpga_lite/17.1/nios2eds/bin/gnu/h-x86_64-mingw32/bin/../lib/gcc/nios2-elf/5.3.0/../../../../../H-x86_64-mingw32/nios2-elf/lib/mno-hw-mul\libsmallc.a
LOAD c:/intelfpga_lite/17.1/nios2eds/bin/gnu/h-x86_64-mingw32/bin/../lib/gcc/nios2-elf/5.3.0/mno-hw-mul\libgcc.a
LOAD ../programmer_bsp/\libhal_bsp.a
LOAD c:/intelfpga_lite/17.1/nios2eds/bin/gnu/h-x86_64-mingw32/bin/../lib/gcc/nios2-elf/5.3.0/../../../../../H-x86_64-mingw32/nios2-elf/lib/mno-hw-mul\libm.a
END GROUP
LOAD c:/intelfpga_lite/17.1/nios2eds/bin/gnu/h-x86_64-mingw32/bin/../lib/gcc/nios2-elf/5.3.0/mno-hw-mul\libgcc.a
                0x0000000000002000                __alt_mem_onchip_memory2_0 = 0x2000

.entry          0x0000000000002000       0x20
 *(.entry)
 .entry         0x0000000000002000       0x20 ../programmer_bsp//obj/HAL/src/crt0.o
                0x0000000000002000                __reset
                0x000000000000200c                _exit

.exceptions     0x0000000000002020        0x0
                0x0000000000002020                PROVIDE (__ram_exceptions_start, ABSOLUTE (.))
                0x0000000000002020                . = ALIGN (0x20)
 *(.irq)
 *(.exceptions.entry.label)
 *(.exceptions.entry.user)
 *(.exceptions.entry.ecc_fatal)
 *(.exceptions.entry)
 *(.exceptions.irqtest.user)
 *(.exceptions.irqtest)
 *(.exceptions.irqhandler.user)
 *(.exceptions.irqhandler)
 *(.exceptions.irqreturn.user)
 *(.exceptions.irqreturn)
 *(.exceptions.notirq.label)
 *(.exceptions.notirq.user)
 *(.exceptions.notirq)
 *(.exceptions.soft.user)
 *(.exceptions.soft)
 *(.exceptions.unknown.user)
 *(.exceptions.unknown)
 *(.exceptions.exit.label)
 *(.exceptions.exit.user)
 *(.exceptions.exit)
 *(.exceptions)
                0x0000000000002020                PROVIDE (__ram_exceptions_end, ABSOLUTE (.))
                0x0000000000002020                PROVIDE (__flash_exceptions_start, LOADADDR (.exceptions))

.text           0x0000000000002020      0xb34
                [!provide]                        PROVIDE (stext, ABSOLUTE (.))
 *(.interp)
 *(.hash)
 *(.dynsym)
 *(.dynstr)
 *(.gnu.version)
 *(.gnu.version_d)
 *(.gnu.version_r)
 *(.rel.init)
 *(.rela.init)
 *(.rel.text .rel.text.* .rel.gnu.linkonce.t.*)
 *(.rela.text .rela.text.* .rela.gnu.linkonce.t.*)
 *(.rel.fini)
 *(.rela.fini)
 *(.rel.rodata .rel.rodata.* .rel.gnu.linkonce.r.*)
 *(.rela.rodata .rela.rodata.* .rela.gnu.linkonce.r.*)
 *(.rel.data .rel.data.* .rel.gnu.linkonce.d.*)
 *(.rela.data .rela.data.* .rela.gnu.linkonce.d.*)
 *(.rel.tdata .rel.tdata.* .rel.gnu.linkonce.td.*)
 *(.rela.tdata .rela.tdata.* .rela.gnu.linkonce.td.*)
 *(.rel.tbss .rel.tbss.* .rel.gnu.linkonce.tb.*)
 *(.rela.tbss .rela.tbss.* .rela.gnu.linkonce.tb.*)
 *(.rel.ctors)
 *(.rela.ctors)
 *(.rel.dtors)
 *(.rela.dtors)
 *(.rel.got)
 *(.rela.got)
 *(.rel.sdata .rel.sdata.* .rel.gnu.linkonce.s.*)
 *(.rela.sdata .rela.sdata.* .rela.gnu.linkonce.s.*)
 *(.rel.sbss .rel.sbss.* .rel.gnu.linkonce.sb.*)
 *(.rela.sbss .rela.sbss.* .rela.gnu.linkonce.sb.*)
 *(.rel.sdata2 .rel.sdata2.* .rel.gnu.linkonce.s2.*)
 *(.rela.sdata2 .rela.sdata2.* .rela.gnu.linkonce.s2.*)
 *(.rel.sbss2 .rel.sbss2.* .rel.gnu.linkonce.sb2.*)
 *(.rela.sbss2 .rela.sbss2.* .rela.gnu.linkonce.sb2.*)
 *(.rel.bss .rel.bss.* .rel.gnu.linkonce.b.*)
 *(.rela.bss .rela.bss.* .rela.gnu.linkonce.b.*)
 *(.rel.plt)
 *(.rela.plt)
 *(.rel.dyn)
 *(.init)
 *(.plt)
 *(.text .stub .text.* .gnu.linkonce.t.*)
 .text          0x0000000000002020       0x3c ../programmer_bsp//obj/HAL/src/crt0.o
                0x0000000000002020                _start
 .text          0x000000000000205c       0xb4 obj/default/src/driver/memory.o
                0x000000000000205c                assert_prg_we
                0x000000000000206c                negate_prg_we
                0x0000000000002078                assert_prg_clock
                0x0000000000002088                negate_prg_clock
                0x0000000000002094                memory_wd
                0x00000000000020e0                memory_rd
 .text          0x0000000000002110       0x8c obj/default/src/driver/uart.o
                0x0000000000002110                getchar
                0x0000000000002114                getstr
                0x0000000000002190                putstr
                0x0000000000002194                tx_str
                0x0000000000002198                rx_str
 .text          0x000000000000219c       0xe0 obj/default/src/hello_world_small.o
                0x000000000000219c                do_RM
                0x0000000000002210                do_WM
                0x0000000000002258                do_default
 .text.startup  0x000000000000227c       0x50 obj/default/src/hello_world_small.o
                0x000000000000227c                main
 .text          0x00000000000022cc      0x3cc obj/default/src/memory_data.o
                0x00000000000022cc                write_memory
                0x000000000000233c                read_memory
                0x00000000000023ac                checksum_of_memorydata
                0x00000000000023f8                hexformat_to_memorydata
                0x0000000000002480                shorthexformat_to_memorydata
                0x00000000000024e8                memorydata_to_hexformat
 .text          0x0000000000002698      0x144 obj/default/src/utility/hexchar_int.o
                0x0000000000002698                hexchar_to_int
                0x00000000000026c4                hex2chars_to_int
                0x000000000000272c                hex4chars_to_int
                0x00000000000027b8                hex_nth_digit
 .text          0x00000000000027dc       0x94 obj/default/src/utility/hexformat.o
                0x00000000000027dc                bytecount_of_hexformat
                0x00000000000027e8                address_of_hexformat
                0x00000000000027fc                recordtype_of_hexformat
                0x0000000000002808                data_of_hexformat
                0x0000000000002834                checksum_of_hexformat
 .text          0x0000000000002870       0x44 ../programmer_bsp/\libhal_bsp.a(alt_getchar.o)
                0x0000000000002870                alt_getchar
 .text          0x00000000000028b4       0xe0 ../programmer_bsp/\libhal_bsp.a(alt_load.o)
                0x00000000000028b4                alt_load
 .text          0x0000000000002994       0x2c ../programmer_bsp/\libhal_bsp.a(alt_main.o)
                0x0000000000002994                alt_main
 .text          0x00000000000029c0       0x38 ../programmer_bsp/\libhal_bsp.a(alt_putstr.o)
                0x00000000000029c0                alt_putstr
 .text          0x00000000000029f8       0x24 ../programmer_bsp/\libhal_bsp.a(alt_sys_init.o)
                0x00000000000029f8                alt_irq_init
                0x0000000000002a18                alt_sys_init
 .text          0x0000000000002a1c       0x80 ../programmer_bsp/\libhal_bsp.a(altera_avalon_uart_read.o)
                0x0000000000002a1c                altera_avalon_uart_read
 .text          0x0000000000002a9c       0x84 ../programmer_bsp/\libhal_bsp.a(altera_avalon_uart_write.o)
                0x0000000000002a9c                altera_avalon_uart_write
 .text          0x0000000000002b20        0x4 ../programmer_bsp/\libhal_bsp.a(alt_dcache_flush_all.o)
                0x0000000000002b20                alt_dcache_flush_all
 .text          0x0000000000002b24        0x8 ../programmer_bsp/\libhal_bsp.a(alt_dev.o)
 .text          0x0000000000002b2c        0x0 ../programmer_bsp/\libhal_bsp.a(alt_errno.o)
 .text          0x0000000000002b2c        0x4 ../programmer_bsp/\libhal_bsp.a(alt_icache_flush_all.o)
                0x0000000000002b2c                alt_icache_flush_all
 .text          0x0000000000002b30        0x8 ../programmer_bsp/\libhal_bsp.a(altera_nios2_gen2_irq.o)
                0x0000000000002b30                altera_nios2_gen2_irq_init
 .text          0x0000000000002b38        0x0 c:/intelfpga_lite/17.1/nios2eds/bin/gnu/h-x86_64-mingw32/bin/../lib/gcc/nios2-elf/5.3.0/../../../../../H-x86_64-mingw32/nios2-elf/lib/mno-hw-mul\libsmallc.a(lib_a-int_errno.o)
 .text          0x0000000000002b38        0x0 c:/intelfpga_lite/17.1/nios2eds/bin/gnu/h-x86_64-mingw32/bin/../lib/gcc/nios2-elf/5.3.0/../../../../../H-x86_64-mingw32/nios2-elf/lib/mno-hw-mul\libsmallc.a(lib_a-strlen.o)
 .text.strlen   0x0000000000002b38       0x1c c:/intelfpga_lite/17.1/nios2eds/bin/gnu/h-x86_64-mingw32/bin/../lib/gcc/nios2-elf/5.3.0/../../../../../H-x86_64-mingw32/nios2-elf/lib/mno-hw-mul\libsmallc.a(lib_a-strlen.o)
                0x0000000000002b38                strlen
 *(.gnu.warning.*)
 *(.fini)
                [!provide]                        PROVIDE (__etext, ABSOLUTE (.))
                [!provide]                        PROVIDE (_etext, ABSOLUTE (.))
                [!provide]                        PROVIDE (etext, ABSOLUTE (.))
 *(.eh_frame_hdr)
                0x0000000000002b54                . = ALIGN (0x4)
                [!provide]                        PROVIDE (__preinit_array_start, ABSOLUTE (.))
 *(.preinit_array)
                [!provide]                        PROVIDE (__preinit_array_end, ABSOLUTE (.))
                [!provide]                        PROVIDE (__init_array_start, ABSOLUTE (.))
 *(.init_array)
                [!provide]                        PROVIDE (__init_array_end, ABSOLUTE (.))
                [!provide]                        PROVIDE (__fini_array_start, ABSOLUTE (.))
 *(.fini_array)
                [!provide]                        PROVIDE (__fini_array_end, ABSOLUTE (.))
 *(.eh_frame)
 *(.gcc_except_table .gcc_except_table.*)
 *(.dynamic)
                [!provide]                        PROVIDE (__CTOR_LIST__, ABSOLUTE (.))
 *(.ctors)
 *(SORT(.ctors.*))
                [!provide]                        PROVIDE (__CTOR_END__, ABSOLUTE (.))
                [!provide]                        PROVIDE (__DTOR_LIST__, ABSOLUTE (.))
 *(.dtors)
 *(SORT(.dtors.*))
                [!provide]                        PROVIDE (__DTOR_END__, ABSOLUTE (.))
 *(.jcr)
                0x0000000000002b54                . = ALIGN (0x4)

.rodata         0x0000000000002b54       0x48
                0x0000000000002b54                PROVIDE (__ram_rodata_start, ABSOLUTE (.))
                0x0000000000002b54                . = ALIGN (0x4)
 *(.rodata .rodata.* .gnu.linkonce.r.*)
 .rodata.str1.4
                0x0000000000002b54       0x12 obj/default/src/hello_world_small.o
 .rodata        0x0000000000002b66       0x27 obj/default/src/utility/hexchar_int.o
 *fill*         0x0000000000002b8d        0x3 
 .rodata.str1.4
                0x0000000000002b90        0xc ../programmer_bsp/\libhal_bsp.a(alt_dev.o)
                                          0xa (size before relaxing)
 *(.rodata1)
                0x0000000000002b9c                . = ALIGN (0x4)
                0x0000000000002b9c                PROVIDE (__ram_rodata_end, ABSOLUTE (.))
                0x0000000000002b54                PROVIDE (__flash_rodata_start, LOADADDR (.rodata))

.rwdata         0x0000000000002b9c       0x78 load address 0x0000000000002c14
                0x0000000000002b9c                PROVIDE (__ram_rwdata_start, ABSOLUTE (.))
                0x0000000000002b9c                . = ALIGN (0x4)
 *(.got.plt)
 *(.got)
 *(.data1)
 *(.data .data.* .gnu.linkonce.d.*)
 .data          0x0000000000002b9c        0x0 ../programmer_bsp//obj/HAL/src/crt0.o
 .data          0x0000000000002b9c        0x0 obj/default/src/driver/memory.o
 .data          0x0000000000002b9c        0x0 obj/default/src/driver/uart.o
 .data          0x0000000000002b9c        0x0 obj/default/src/hello_world_small.o
 .data          0x0000000000002b9c        0x0 obj/default/src/memory_data.o
 .data          0x0000000000002b9c        0x0 obj/default/src/utility/hexchar_int.o
 .data          0x0000000000002b9c        0x0 obj/default/src/utility/hexformat.o
 .data          0x0000000000002b9c        0x0 ../programmer_bsp/\libhal_bsp.a(alt_getchar.o)
 .data          0x0000000000002b9c        0x0 ../programmer_bsp/\libhal_bsp.a(alt_load.o)
 .data          0x0000000000002b9c        0x0 ../programmer_bsp/\libhal_bsp.a(alt_main.o)
 .data          0x0000000000002b9c        0x0 ../programmer_bsp/\libhal_bsp.a(alt_putstr.o)
 .data          0x0000000000002b9c        0x0 ../programmer_bsp/\libhal_bsp.a(alt_sys_init.o)
 .data          0x0000000000002b9c        0x0 ../programmer_bsp/\libhal_bsp.a(altera_avalon_uart_read.o)
 .data          0x0000000000002b9c        0x0 ../programmer_bsp/\libhal_bsp.a(altera_avalon_uart_write.o)
 .data          0x0000000000002b9c        0x0 ../programmer_bsp/\libhal_bsp.a(alt_dcache_flush_all.o)
 .data          0x0000000000002b9c       0x58 ../programmer_bsp/\libhal_bsp.a(alt_dev.o)
                0x0000000000002b9c                alt_fd_list
                0x0000000000002bcc                alt_dev_null
 .data          0x0000000000002bf4        0x0 ../programmer_bsp/\libhal_bsp.a(alt_errno.o)
 .data          0x0000000000002bf4        0x0 ../programmer_bsp/\libhal_bsp.a(alt_icache_flush_all.o)
 .data          0x0000000000002bf4        0x0 ../programmer_bsp/\libhal_bsp.a(altera_nios2_gen2_irq.o)
 .data          0x0000000000002bf4        0x0 c:/intelfpga_lite/17.1/nios2eds/bin/gnu/h-x86_64-mingw32/bin/../lib/gcc/nios2-elf/5.3.0/../../../../../H-x86_64-mingw32/nios2-elf/lib/mno-hw-mul\libsmallc.a(lib_a-int_errno.o)
 .data          0x0000000000002bf4        0x0 c:/intelfpga_lite/17.1/nios2eds/bin/gnu/h-x86_64-mingw32/bin/../lib/gcc/nios2-elf/5.3.0/../../../../../H-x86_64-mingw32/nios2-elf/lib/mno-hw-mul\libsmallc.a(lib_a-strlen.o)
                0x000000000000abf4                _gp = ABSOLUTE ((. + 0x8000))
                [!provide]                        PROVIDE (gp, _gp)
 *(.rwdata .rwdata.*)
 *(.sdata .sdata.* .gnu.linkonce.s.*)
 .sdata         0x0000000000002bf4        0x4 obj/default/src/hello_world_small.o
                0x0000000000002bf4                EOF
 .sdata         0x0000000000002bf8        0x4 ../programmer_bsp/\libhal_bsp.a(alt_sys_init.o)
                0x0000000000002bf8                uart_0
 .sdata         0x0000000000002bfc       0x14 ../programmer_bsp/\libhal_bsp.a(alt_dev.o)
                0x0000000000002bfc                alt_max_fd
                0x0000000000002c00                alt_dev_list
                0x0000000000002c08                alt_fs_list
 .sdata         0x0000000000002c10        0x4 ../programmer_bsp/\libhal_bsp.a(alt_errno.o)
                0x0000000000002c10                alt_errno
 *(.sdata2 .sdata2.* .gnu.linkonce.s2.*)
                0x0000000000002c14                . = ALIGN (0x4)
                0x0000000000002c14                _edata = ABSOLUTE (.)
                [!provide]                        PROVIDE (edata, ABSOLUTE (.))
                0x0000000000002c14                PROVIDE (__ram_rwdata_end, ABSOLUTE (.))
                0x0000000000002c14                PROVIDE (__flash_rwdata_start, LOADADDR (.rwdata))

.bss            0x0000000000002c8c       0x10
                0x0000000000002c8c                __bss_start = ABSOLUTE (.)
                [!provide]                        PROVIDE (__sbss_start, ABSOLUTE (.))
                [!provide]                        PROVIDE (___sbss_start, ABSOLUTE (.))
 *(.dynsbss)
 *(.sbss .sbss.* .gnu.linkonce.sb.*)
 .sbss          0x0000000000002c8c        0xc ../programmer_bsp/\libhal_bsp.a(alt_main.o)
                0x0000000000002c8c                alt_envp
                0x0000000000002c90                alt_argv
                0x0000000000002c94                alt_argc
 .sbss          0x0000000000002c98        0x4 c:/intelfpga_lite/17.1/nios2eds/bin/gnu/h-x86_64-mingw32/bin/../lib/gcc/nios2-elf/5.3.0/../../../../../H-x86_64-mingw32/nios2-elf/lib/mno-hw-mul\libsmallc.a(lib_a-int_errno.o)
                0x0000000000002c98                errno
 *(.sbss2 .sbss2.* .gnu.linkonce.sb2.*)
 *(.scommon)
                [!provide]                        PROVIDE (__sbss_end, ABSOLUTE (.))
                [!provide]                        PROVIDE (___sbss_end, ABSOLUTE (.))
 *(.dynbss)
 *(.bss .bss.* .gnu.linkonce.b.*)
 .bss           0x0000000000002c9c        0x0 ../programmer_bsp//obj/HAL/src/crt0.o
 .bss           0x0000000000002c9c        0x0 obj/default/src/driver/memory.o
 .bss           0x0000000000002c9c        0x0 obj/default/src/driver/uart.o
 .bss           0x0000000000002c9c        0x0 obj/default/src/hello_world_small.o
 .bss           0x0000000000002c9c        0x0 obj/default/src/memory_data.o
 .bss           0x0000000000002c9c        0x0 obj/default/src/utility/hexchar_int.o
 .bss           0x0000000000002c9c        0x0 obj/default/src/utility/hexformat.o
 .bss           0x0000000000002c9c        0x0 ../programmer_bsp/\libhal_bsp.a(alt_getchar.o)
 .bss           0x0000000000002c9c        0x0 ../programmer_bsp/\libhal_bsp.a(alt_load.o)
 .bss           0x0000000000002c9c        0x0 ../programmer_bsp/\libhal_bsp.a(alt_main.o)
 .bss           0x0000000000002c9c        0x0 ../programmer_bsp/\libhal_bsp.a(alt_putstr.o)
 .bss           0x0000000000002c9c        0x0 ../programmer_bsp/\libhal_bsp.a(alt_sys_init.o)
 .bss           0x0000000000002c9c        0x0 ../programmer_bsp/\libhal_bsp.a(altera_avalon_uart_read.o)
 .bss           0x0000000000002c9c        0x0 ../programmer_bsp/\libhal_bsp.a(altera_avalon_uart_write.o)
 .bss           0x0000000000002c9c        0x0 ../programmer_bsp/\libhal_bsp.a(alt_dcache_flush_all.o)
 .bss           0x0000000000002c9c        0x0 ../programmer_bsp/\libhal_bsp.a(alt_dev.o)
 .bss           0x0000000000002c9c        0x0 ../programmer_bsp/\libhal_bsp.a(alt_errno.o)
 .bss           0x0000000000002c9c        0x0 ../programmer_bsp/\libhal_bsp.a(alt_icache_flush_all.o)
 .bss           0x0000000000002c9c        0x0 ../programmer_bsp/\libhal_bsp.a(altera_nios2_gen2_irq.o)
 .bss           0x0000000000002c9c        0x0 c:/intelfpga_lite/17.1/nios2eds/bin/gnu/h-x86_64-mingw32/bin/../lib/gcc/nios2-elf/5.3.0/../../../../../H-x86_64-mingw32/nios2-elf/lib/mno-hw-mul\libsmallc.a(lib_a-int_errno.o)
 .bss           0x0000000000002c9c        0x0 c:/intelfpga_lite/17.1/nios2eds/bin/gnu/h-x86_64-mingw32/bin/../lib/gcc/nios2-elf/5.3.0/../../../../../H-x86_64-mingw32/nios2-elf/lib/mno-hw-mul\libsmallc.a(lib_a-strlen.o)
 *(COMMON)
                0x0000000000002c9c                . = ALIGN (0x4)
                0x0000000000002c9c                __bss_end = ABSOLUTE (.)

.onchip_memory2_0
                0x0000000000002c9c        0x0
                [!provide]                        PROVIDE (_alt_partition_onchip_memory2_0_start, ABSOLUTE (.))
 *(.onchip_memory2_0 .onchip_memory2_0. onchip_memory2_0.*)
                0x0000000000002c9c                . = ALIGN (0x4)
                [!provide]                        PROVIDE (_alt_partition_onchip_memory2_0_end, ABSOLUTE (.))
                0x0000000000002c9c                _end = ABSOLUTE (.)
                0x0000000000002c9c                end = ABSOLUTE (.)
                0x0000000000002c9c                __alt_stack_base = ABSOLUTE (.)
                [!provide]                        PROVIDE (_alt_partition_onchip_memory2_0_load_addr, LOADADDR (.onchip_memory2_0))

.stab
 *(.stab)

.stabstr
 *(.stabstr)

.stab.excl
 *(.stab.excl)

.stab.exclstr
 *(.stab.exclstr)

.stab.index
 *(.stab.index)

.stab.indexstr
 *(.stab.indexstr)

.comment        0x0000000000000000       0x23
 *(.comment)
 .comment       0x0000000000000000       0x23 obj/default/src/driver/memory.o
                                         0x24 (size before relaxing)
 .comment       0x0000000000000023       0x24 obj/default/src/driver/uart.o
 .comment       0x0000000000000023       0x24 obj/default/src/hello_world_small.o
 .comment       0x0000000000000023       0x24 obj/default/src/memory_data.o
 .comment       0x0000000000000023       0x24 obj/default/src/utility/hexchar_int.o
 .comment       0x0000000000000023       0x24 obj/default/src/utility/hexformat.o
 .comment       0x0000000000000023       0x24 ../programmer_bsp/\libhal_bsp.a(alt_getchar.o)
 .comment       0x0000000000000023       0x24 ../programmer_bsp/\libhal_bsp.a(alt_load.o)
 .comment       0x0000000000000023       0x24 ../programmer_bsp/\libhal_bsp.a(alt_main.o)
 .comment       0x0000000000000023       0x24 ../programmer_bsp/\libhal_bsp.a(alt_putstr.o)
 .comment       0x0000000000000023       0x24 ../programmer_bsp/\libhal_bsp.a(alt_sys_init.o)
 .comment       0x0000000000000023       0x24 ../programmer_bsp/\libhal_bsp.a(altera_avalon_uart_read.o)
 .comment       0x0000000000000023       0x24 ../programmer_bsp/\libhal_bsp.a(altera_avalon_uart_write.o)
 .comment       0x0000000000000023       0x24 ../programmer_bsp/\libhal_bsp.a(alt_dcache_flush_all.o)
 .comment       0x0000000000000023       0x24 ../programmer_bsp/\libhal_bsp.a(alt_dev.o)
 .comment       0x0000000000000023       0x24 ../programmer_bsp/\libhal_bsp.a(alt_errno.o)
 .comment       0x0000000000000023       0x24 ../programmer_bsp/\libhal_bsp.a(alt_icache_flush_all.o)
 .comment       0x0000000000000023       0x24 ../programmer_bsp/\libhal_bsp.a(altera_nios2_gen2_irq.o)
 .comment       0x0000000000000023       0x24 c:/intelfpga_lite/17.1/nios2eds/bin/gnu/h-x86_64-mingw32/bin/../lib/gcc/nios2-elf/5.3.0/../../../../../H-x86_64-mingw32/nios2-elf/lib/mno-hw-mul\libsmallc.a(lib_a-int_errno.o)
 .comment       0x0000000000000023       0x24 c:/intelfpga_lite/17.1/nios2eds/bin/gnu/h-x86_64-mingw32/bin/../lib/gcc/nios2-elf/5.3.0/../../../../../H-x86_64-mingw32/nios2-elf/lib/mno-hw-mul\libsmallc.a(lib_a-strlen.o)

.debug
 *(.debug)

.line
 *(.line)

.debug_srcinfo
 *(.debug_srcinfo)

.debug_sfnames
 *(.debug_sfnames)

.debug_aranges  0x0000000000000000      0x2a0
 *(.debug_aranges)
 .debug_aranges
                0x0000000000000000       0x28 ../programmer_bsp//obj/HAL/src/crt0.o
 .debug_aranges
                0x0000000000000028       0x20 obj/default/src/driver/memory.o
 .debug_aranges
                0x0000000000000048       0x20 obj/default/src/driver/uart.o
 .debug_aranges
                0x0000000000000068       0x28 obj/default/src/hello_world_small.o
 .debug_aranges
                0x0000000000000090       0x20 obj/default/src/memory_data.o
 .debug_aranges
                0x00000000000000b0       0x20 obj/default/src/utility/hexchar_int.o
 .debug_aranges
                0x00000000000000d0       0x20 obj/default/src/utility/hexformat.o
 .debug_aranges
                0x00000000000000f0       0x20 ../programmer_bsp/\libhal_bsp.a(alt_getchar.o)
 .debug_aranges
                0x0000000000000110       0x20 ../programmer_bsp/\libhal_bsp.a(alt_load.o)
 .debug_aranges
                0x0000000000000130       0x20 ../programmer_bsp/\libhal_bsp.a(alt_main.o)
 .debug_aranges
                0x0000000000000150       0x20 ../programmer_bsp/\libhal_bsp.a(alt_putstr.o)
 .debug_aranges
                0x0000000000000170       0x20 ../programmer_bsp/\libhal_bsp.a(alt_sys_init.o)
 .debug_aranges
                0x0000000000000190       0x20 ../programmer_bsp/\libhal_bsp.a(altera_avalon_uart_read.o)
 .debug_aranges
                0x00000000000001b0       0x20 ../programmer_bsp/\libhal_bsp.a(altera_avalon_uart_write.o)
 .debug_aranges
                0x00000000000001d0       0x20 ../programmer_bsp/\libhal_bsp.a(alt_dcache_flush_all.o)
 .debug_aranges
                0x00000000000001f0       0x20 ../programmer_bsp/\libhal_bsp.a(alt_dev.o)
 .debug_aranges
                0x0000000000000210       0x18 ../programmer_bsp/\libhal_bsp.a(alt_errno.o)
 .debug_aranges
                0x0000000000000228       0x20 ../programmer_bsp/\libhal_bsp.a(alt_icache_flush_all.o)
 .debug_aranges
                0x0000000000000248       0x20 ../programmer_bsp/\libhal_bsp.a(altera_nios2_gen2_irq.o)
 .debug_aranges
                0x0000000000000268       0x18 c:/intelfpga_lite/17.1/nios2eds/bin/gnu/h-x86_64-mingw32/bin/../lib/gcc/nios2-elf/5.3.0/../../../../../H-x86_64-mingw32/nios2-elf/lib/mno-hw-mul\libsmallc.a(lib_a-int_errno.o)
 .debug_aranges
                0x0000000000000280       0x20 c:/intelfpga_lite/17.1/nios2eds/bin/gnu/h-x86_64-mingw32/bin/../lib/gcc/nios2-elf/5.3.0/../../../../../H-x86_64-mingw32/nios2-elf/lib/mno-hw-mul\libsmallc.a(lib_a-strlen.o)

.debug_pubnames
 *(.debug_pubnames)

.debug_info     0x0000000000000000     0x2475
 *(.debug_info .gnu.linkonce.wi.*)
 .debug_info    0x0000000000000000       0x7e ../programmer_bsp//obj/HAL/src/crt0.o
 .debug_info    0x000000000000007e      0x184 obj/default/src/driver/memory.o
 .debug_info    0x0000000000000202      0x1a8 obj/default/src/driver/uart.o
 .debug_info    0x00000000000003aa      0x300 obj/default/src/hello_world_small.o
 .debug_info    0x00000000000006aa      0x4ad obj/default/src/memory_data.o
 .debug_info    0x0000000000000b57      0x1ea obj/default/src/utility/hexchar_int.o
 .debug_info    0x0000000000000d41      0x1be obj/default/src/utility/hexformat.o
 .debug_info    0x0000000000000eff      0x32d ../programmer_bsp/\libhal_bsp.a(alt_getchar.o)
 .debug_info    0x000000000000122c      0x1c9 ../programmer_bsp/\libhal_bsp.a(alt_load.o)
 .debug_info    0x00000000000013f5      0x18f ../programmer_bsp/\libhal_bsp.a(alt_main.o)
 .debug_info    0x0000000000001584      0x13a ../programmer_bsp/\libhal_bsp.a(alt_putstr.o)
 .debug_info    0x00000000000016be      0x185 ../programmer_bsp/\libhal_bsp.a(alt_sys_init.o)
 .debug_info    0x0000000000001843      0x1d8 ../programmer_bsp/\libhal_bsp.a(altera_avalon_uart_read.o)
 .debug_info    0x0000000000001a1b      0x1ec ../programmer_bsp/\libhal_bsp.a(altera_avalon_uart_write.o)
 .debug_info    0x0000000000001c07       0x92 ../programmer_bsp/\libhal_bsp.a(alt_dcache_flush_all.o)
 .debug_info    0x0000000000001c99      0x499 ../programmer_bsp/\libhal_bsp.a(alt_dev.o)
 .debug_info    0x0000000000002132       0xa6 ../programmer_bsp/\libhal_bsp.a(alt_errno.o)
 .debug_info    0x00000000000021d8       0x92 ../programmer_bsp/\libhal_bsp.a(alt_icache_flush_all.o)
 .debug_info    0x000000000000226a       0xb8 ../programmer_bsp/\libhal_bsp.a(altera_nios2_gen2_irq.o)
 .debug_info    0x0000000000002322       0x8a c:/intelfpga_lite/17.1/nios2eds/bin/gnu/h-x86_64-mingw32/bin/../lib/gcc/nios2-elf/5.3.0/../../../../../H-x86_64-mingw32/nios2-elf/lib/mno-hw-mul\libsmallc.a(lib_a-int_errno.o)
 .debug_info    0x00000000000023ac       0xc9 c:/intelfpga_lite/17.1/nios2eds/bin/gnu/h-x86_64-mingw32/bin/../lib/gcc/nios2-elf/5.3.0/../../../../../H-x86_64-mingw32/nios2-elf/lib/mno-hw-mul\libsmallc.a(lib_a-strlen.o)

.debug_abbrev   0x0000000000000000      0xff7
 *(.debug_abbrev)
 .debug_abbrev  0x0000000000000000       0x12 ../programmer_bsp//obj/HAL/src/crt0.o
 .debug_abbrev  0x0000000000000012       0xa4 obj/default/src/driver/memory.o
 .debug_abbrev  0x00000000000000b6      0x150 obj/default/src/driver/uart.o
 .debug_abbrev  0x0000000000000206      0x175 obj/default/src/hello_world_small.o
 .debug_abbrev  0x000000000000037b      0x14c obj/default/src/memory_data.o
 .debug_abbrev  0x00000000000004c7       0xec obj/default/src/utility/hexchar_int.o
 .debug_abbrev  0x00000000000005b3       0xd5 obj/default/src/utility/hexformat.o
 .debug_abbrev  0x0000000000000688      0x11d ../programmer_bsp/\libhal_bsp.a(alt_getchar.o)
 .debug_abbrev  0x00000000000007a5       0xd8 ../programmer_bsp/\libhal_bsp.a(alt_load.o)
 .debug_abbrev  0x000000000000087d       0xf5 ../programmer_bsp/\libhal_bsp.a(alt_main.o)
 .debug_abbrev  0x0000000000000972       0xd3 ../programmer_bsp/\libhal_bsp.a(alt_putstr.o)
 .debug_abbrev  0x0000000000000a45      0x107 ../programmer_bsp/\libhal_bsp.a(alt_sys_init.o)
 .debug_abbrev  0x0000000000000b4c       0xe8 ../programmer_bsp/\libhal_bsp.a(altera_avalon_uart_read.o)
 .debug_abbrev  0x0000000000000c34       0xef ../programmer_bsp/\libhal_bsp.a(altera_avalon_uart_write.o)
 .debug_abbrev  0x0000000000000d23       0x42 ../programmer_bsp/\libhal_bsp.a(alt_dcache_flush_all.o)
 .debug_abbrev  0x0000000000000d65       0xd9 ../programmer_bsp/\libhal_bsp.a(alt_dev.o)
 .debug_abbrev  0x0000000000000e3e       0x5a ../programmer_bsp/\libhal_bsp.a(alt_errno.o)
 .debug_abbrev  0x0000000000000e98       0x42 ../programmer_bsp/\libhal_bsp.a(alt_icache_flush_all.o)
 .debug_abbrev  0x0000000000000eda       0x67 ../programmer_bsp/\libhal_bsp.a(altera_nios2_gen2_irq.o)
 .debug_abbrev  0x0000000000000f41       0x37 c:/intelfpga_lite/17.1/nios2eds/bin/gnu/h-x86_64-mingw32/bin/../lib/gcc/nios2-elf/5.3.0/../../../../../H-x86_64-mingw32/nios2-elf/lib/mno-hw-mul\libsmallc.a(lib_a-int_errno.o)
 .debug_abbrev  0x0000000000000f78       0x7f c:/intelfpga_lite/17.1/nios2eds/bin/gnu/h-x86_64-mingw32/bin/../lib/gcc/nios2-elf/5.3.0/../../../../../H-x86_64-mingw32/nios2-elf/lib/mno-hw-mul\libsmallc.a(lib_a-strlen.o)

.debug_line     0x0000000000000000      0xeb7
 *(.debug_line)
 .debug_line    0x0000000000000000       0x66 ../programmer_bsp//obj/HAL/src/crt0.o
 .debug_line    0x0000000000000066       0x8d obj/default/src/driver/memory.o
 .debug_line    0x00000000000000f3       0x95 obj/default/src/driver/uart.o
 .debug_line    0x0000000000000188       0xc7 obj/default/src/hello_world_small.o
 .debug_line    0x000000000000024f      0x128 obj/default/src/memory_data.o
 .debug_line    0x0000000000000377       0x92 obj/default/src/utility/hexchar_int.o
 .debug_line    0x0000000000000409       0x70 obj/default/src/utility/hexformat.o
 .debug_line    0x0000000000000479       0xb7 ../programmer_bsp/\libhal_bsp.a(alt_getchar.o)
 .debug_line    0x0000000000000530       0xa4 ../programmer_bsp/\libhal_bsp.a(alt_load.o)
 .debug_line    0x00000000000005d4       0xea ../programmer_bsp/\libhal_bsp.a(alt_main.o)
 .debug_line    0x00000000000006be       0xa0 ../programmer_bsp/\libhal_bsp.a(alt_putstr.o)
 .debug_line    0x000000000000075e      0x101 ../programmer_bsp/\libhal_bsp.a(alt_sys_init.o)
 .debug_line    0x000000000000085f      0x11f ../programmer_bsp/\libhal_bsp.a(altera_avalon_uart_read.o)
 .debug_line    0x000000000000097e      0x10f ../programmer_bsp/\libhal_bsp.a(altera_avalon_uart_write.o)
 .debug_line    0x0000000000000a8d       0x4e ../programmer_bsp/\libhal_bsp.a(alt_dcache_flush_all.o)
 .debug_line    0x0000000000000adb       0xf6 ../programmer_bsp/\libhal_bsp.a(alt_dev.o)
 .debug_line    0x0000000000000bd1       0x51 ../programmer_bsp/\libhal_bsp.a(alt_errno.o)
 .debug_line    0x0000000000000c22       0x4e ../programmer_bsp/\libhal_bsp.a(alt_icache_flush_all.o)
 .debug_line    0x0000000000000c70       0x8c ../programmer_bsp/\libhal_bsp.a(altera_nios2_gen2_irq.o)
 .debug_line    0x0000000000000cfc       0x5f c:/intelfpga_lite/17.1/nios2eds/bin/gnu/h-x86_64-mingw32/bin/../lib/gcc/nios2-elf/5.3.0/../../../../../H-x86_64-mingw32/nios2-elf/lib/mno-hw-mul\libsmallc.a(lib_a-int_errno.o)
 .debug_line    0x0000000000000d5b      0x15c c:/intelfpga_lite/17.1/nios2eds/bin/gnu/h-x86_64-mingw32/bin/../lib/gcc/nios2-elf/5.3.0/../../../../../H-x86_64-mingw32/nios2-elf/lib/mno-hw-mul\libsmallc.a(lib_a-strlen.o)

.debug_frame    0x0000000000000000      0x588
 *(.debug_frame)
 .debug_frame   0x0000000000000000       0x70 obj/default/src/driver/memory.o
 .debug_frame   0x0000000000000070       0x84 obj/default/src/driver/uart.o
 .debug_frame   0x00000000000000f4       0x94 obj/default/src/hello_world_small.o
 .debug_frame   0x0000000000000188      0x110 obj/default/src/memory_data.o
 .debug_frame   0x0000000000000298       0x80 obj/default/src/utility/hexchar_int.o
 .debug_frame   0x0000000000000318       0x7c obj/default/src/utility/hexformat.o
 .debug_frame   0x0000000000000394       0x2c ../programmer_bsp/\libhal_bsp.a(alt_getchar.o)
 .debug_frame   0x00000000000003c0       0x30 ../programmer_bsp/\libhal_bsp.a(alt_load.o)
 .debug_frame   0x00000000000003f0       0x2c ../programmer_bsp/\libhal_bsp.a(alt_main.o)
 .debug_frame   0x000000000000041c       0x30 ../programmer_bsp/\libhal_bsp.a(alt_putstr.o)
 .debug_frame   0x000000000000044c       0x3c ../programmer_bsp/\libhal_bsp.a(alt_sys_init.o)
 .debug_frame   0x0000000000000488       0x2c ../programmer_bsp/\libhal_bsp.a(altera_avalon_uart_read.o)
 .debug_frame   0x00000000000004b4       0x34 ../programmer_bsp/\libhal_bsp.a(altera_avalon_uart_write.o)
 .debug_frame   0x00000000000004e8       0x20 ../programmer_bsp/\libhal_bsp.a(alt_dcache_flush_all.o)
 .debug_frame   0x0000000000000508       0x20 ../programmer_bsp/\libhal_bsp.a(alt_dev.o)
 .debug_frame   0x0000000000000528       0x20 ../programmer_bsp/\libhal_bsp.a(alt_icache_flush_all.o)
 .debug_frame   0x0000000000000548       0x20 ../programmer_bsp/\libhal_bsp.a(altera_nios2_gen2_irq.o)
 .debug_frame   0x0000000000000568       0x20 c:/intelfpga_lite/17.1/nios2eds/bin/gnu/h-x86_64-mingw32/bin/../lib/gcc/nios2-elf/5.3.0/../../../../../H-x86_64-mingw32/nios2-elf/lib/mno-hw-mul\libsmallc.a(lib_a-strlen.o)

.debug_str      0x0000000000000000      0xb25
 *(.debug_str)
 .debug_str     0x0000000000000000      0x151 obj/default/src/driver/memory.o
                                        0x182 (size before relaxing)
 .debug_str     0x0000000000000151       0x44 obj/default/src/driver/uart.o
                                         0xe0 (size before relaxing)
 .debug_str     0x0000000000000195       0xc2 obj/default/src/hello_world_small.o
                                        0x193 (size before relaxing)
 .debug_str     0x0000000000000257       0xb3 obj/default/src/memory_data.o
                                        0x20b (size before relaxing)
 .debug_str     0x000000000000030a       0x6b obj/default/src/utility/hexchar_int.o
                                        0x117 (size before relaxing)
 .debug_str     0x0000000000000375       0x35 obj/default/src/utility/hexformat.o
                                        0x141 (size before relaxing)
 .debug_str     0x00000000000003aa      0x135 ../programmer_bsp/\libhal_bsp.a(alt_getchar.o)
                                        0x239 (size before relaxing)
 .debug_str     0x00000000000004df      0x11b ../programmer_bsp/\libhal_bsp.a(alt_load.o)
                                        0x24c (size before relaxing)
 .debug_str     0x00000000000005fa       0x7f ../programmer_bsp/\libhal_bsp.a(alt_main.o)
                                        0x1ee (size before relaxing)
 .debug_str     0x0000000000000679       0x35 ../programmer_bsp/\libhal_bsp.a(alt_putstr.o)
                                        0x193 (size before relaxing)
 .debug_str     0x00000000000006ae       0x66 ../programmer_bsp/\libhal_bsp.a(alt_sys_init.o)
                                        0x22d (size before relaxing)
 .debug_str     0x0000000000000714       0x4b ../programmer_bsp/\libhal_bsp.a(altera_avalon_uart_read.o)
                                        0x23a (size before relaxing)
 .debug_str     0x000000000000075f       0x27 ../programmer_bsp/\libhal_bsp.a(altera_avalon_uart_write.o)
                                        0x242 (size before relaxing)
 .debug_str     0x0000000000000786       0x1f ../programmer_bsp/\libhal_bsp.a(alt_dcache_flush_all.o)
                                        0x165 (size before relaxing)
 .debug_str     0x00000000000007a5      0x120 ../programmer_bsp/\libhal_bsp.a(alt_dev.o)
                                        0x315 (size before relaxing)
 .debug_str     0x00000000000008c5       0x14 ../programmer_bsp/\libhal_bsp.a(alt_errno.o)
                                        0x155 (size before relaxing)
 .debug_str     0x00000000000008d9       0x1f ../programmer_bsp/\libhal_bsp.a(alt_icache_flush_all.o)
                                        0x165 (size before relaxing)
 .debug_str     0x00000000000008f8       0x20 ../programmer_bsp/\libhal_bsp.a(altera_nios2_gen2_irq.o)
                                        0x195 (size before relaxing)
 .debug_str     0x0000000000000918      0x134 c:/intelfpga_lite/17.1/nios2eds/bin/gnu/h-x86_64-mingw32/bin/../lib/gcc/nios2-elf/5.3.0/../../../../../H-x86_64-mingw32/nios2-elf/lib/mno-hw-mul\libsmallc.a(lib_a-int_errno.o)
                                        0x1d8 (size before relaxing)
 .debug_str     0x0000000000000a4c       0xd9 c:/intelfpga_lite/17.1/nios2eds/bin/gnu/h-x86_64-mingw32/bin/../lib/gcc/nios2-elf/5.3.0/../../../../../H-x86_64-mingw32/nios2-elf/lib/mno-hw-mul\libsmallc.a(lib_a-strlen.o)
                                        0x1e5 (size before relaxing)

.debug_loc      0x0000000000000000      0xb9e
 *(.debug_loc)
 .debug_loc     0x0000000000000000       0x63 obj/default/src/driver/memory.o
 .debug_loc     0x0000000000000063       0xb6 obj/default/src/driver/uart.o
 .debug_loc     0x0000000000000119       0x40 obj/default/src/hello_world_small.o
 .debug_loc     0x0000000000000159      0x3fb obj/default/src/memory_data.o
 .debug_loc     0x0000000000000554      0x25d obj/default/src/utility/hexchar_int.o
 .debug_loc     0x00000000000007b1      0x115 obj/default/src/utility/hexformat.o
 .debug_loc     0x00000000000008c6       0x37 ../programmer_bsp/\libhal_bsp.a(alt_putstr.o)
 .debug_loc     0x00000000000008fd       0x21 ../programmer_bsp/\libhal_bsp.a(alt_sys_init.o)
 .debug_loc     0x000000000000091e      0x106 ../programmer_bsp/\libhal_bsp.a(altera_avalon_uart_read.o)
 .debug_loc     0x0000000000000a24      0x15c ../programmer_bsp/\libhal_bsp.a(altera_avalon_uart_write.o)
 .debug_loc     0x0000000000000b80       0x1e c:/intelfpga_lite/17.1/nios2eds/bin/gnu/h-x86_64-mingw32/bin/../lib/gcc/nios2-elf/5.3.0/../../../../../H-x86_64-mingw32/nios2-elf/lib/mno-hw-mul\libsmallc.a(lib_a-strlen.o)

.debug_macinfo
 *(.debug_macinfo)

.debug_weaknames
 *(.debug_weaknames)

.debug_funcnames
 *(.debug_funcnames)

.debug_typenames
 *(.debug_typenames)

.debug_varnames
 *(.debug_varnames)

.debug_alt_sim_info
                0x0000000000000000       0x10
 *(.debug_alt_sim_info)
 .debug_alt_sim_info
                0x0000000000000000       0x10 ../programmer_bsp//obj/HAL/src/crt0.o
                0x0000000000004000                __alt_data_end = 0x4000
                0x0000000000004000                PROVIDE (__alt_stack_pointer, __alt_data_end)
                [!provide]                        PROVIDE (__alt_stack_limit, __alt_stack_base)
                [!provide]                        PROVIDE (__alt_heap_start, end)
                [!provide]                        PROVIDE (__alt_heap_limit, 0x4000)
OUTPUT(programmer.elf elf32-littlenios2)

.debug_ranges   0x0000000000000000       0xb0
 .debug_ranges  0x0000000000000000       0x20 ../programmer_bsp//obj/HAL/src/crt0.o
 .debug_ranges  0x0000000000000020       0x18 obj/default/src/hello_world_small.o
 .debug_ranges  0x0000000000000038       0x48 ../programmer_bsp/\libhal_bsp.a(alt_load.o)
 .debug_ranges  0x0000000000000080       0x20 ../programmer_bsp/\libhal_bsp.a(altera_avalon_uart_read.o)
 .debug_ranges  0x00000000000000a0       0x10 c:/intelfpga_lite/17.1/nios2eds/bin/gnu/h-x86_64-mingw32/bin/../lib/gcc/nios2-elf/5.3.0/../../../../../H-x86_64-mingw32/nios2-elf/lib/mno-hw-mul\libsmallc.a(lib_a-strlen.o)
